node.exe : npm warn Unknown env config "devdir". This will stop working in the next major version of npm. See `npm 
help npmrc` for supported config options.
At line:1 char:1
+ & "C:\Program Files\nodejs/node.exe" "C:\Program Files\nodejs/node_mo ...
+ ~~~~~~~~~~~~~~~~~~~~~~~~~~~~~~~~~~~~~~~~~~~~~~~~~~~~~~~~~~~~~~~~~~~~~
    + CategoryInfo          : NotSpecified: (npm warn Unknow...config options.:String) [], RemoteException
    + FullyQualifiedErrorId : NativeCommandError
 
src/components/crm/lead-timeline.tsx(114,13): error TS1005: '>' expected.
src/components/crm/relationship-scorecards.tsx(34,15): error TS1005: '>' expected.
src/components/crm/relationship-scorecards.tsx(68,19): error TS1005: '>' expected.
src/components/crm/relationship-scorecards.tsx(125,17): error TS1005: '>' expected.
src/components/crm/relationship-scorecards.tsx(153,19): error TS1005: '>' expected.
src/components/crm/relationship-scorecards.tsx(171,15): error TS1005: '>' expected.
src/components/memory/agent-interactions.tsx(3,6): error TS17008: JSX element 'div' has no corresponding closing tag.
src/components/memory/agent-interactions.tsx(4,8): error TS17008: JSX element 'div' has no corresponding closing tag.
src/components/memory/agent-interactions.tsx(71,10): error TS17008: JSX element 'div' has no corresponding closing tag.
src/components/memory/agent-interactions.tsx(75,12): error TS17008: JSX element 'div' has no corresponding closing tag.
src/components/memory/agent-interactions.tsx(105,18): error TS17008: JSX element 'p' has no corresponding closing tag.
src/components/memory/agent-interactions.tsx(116,18): error TS17008: JSX element 'p' has no corresponding closing tag.
src/components/memory/agent-interactions.tsx(121,14): error TS17008: JSX element 'div' has no corresponding closing tag.
src/components/memory/agent-interactions.tsx(125,16): error TS17008: JSX element 'div' has no corresponding closing tag.
src/components/memory/agent-interactions.tsx(127,18): error TS17008: JSX element 'p' has no corresponding closing tag.
src/components/memory/agent-interactions.tsx(128,18): error TS17008: JSX element 'p' has no corresponding closing tag.
src/components/memory/agent-interactions.tsx(132,14): error TS17008: JSX element 'div' has no corresponding closing tag.
src/components/memory/agent-interactions.tsx(136,16): error TS17008: JSX element 'div' has no corresponding closing tag.
src/components/memory/agent-interactions.tsx(137,18): error TS17008: JSX element 'p' has no corresponding closing tag.
src/components/memory/agent-interactions.tsx(138,18): error TS17008: JSX element 'p' has no corresponding closing tag.
src/components/memory/agent-interactions.tsx(139,18): error TS17008: JSX element 'p' has no corresponding closing tag.
src/components/memory/agent-interactions.tsx(146,10): error TS17008: JSX element 'div' has no corresponding closing tag.
src/components/memory/agent-interactions.tsx(147,12): error TS17008: JSX element 'h2' has no corresponding closing tag.
src/components/memory/agent-interactions.tsx(150,12): error TS17008: JSX element 'div' has no corresponding closing tag.
src/components/memory/agent-interactions.tsx(151,14): error TS17008: JSX element 'div' has no corresponding closing tag.
src/components/memory/agent-interactions.tsx(160,16): error TS17008: JSX element 'div' has no corresponding closing tag.
src/components/memory/agent-interactions.tsx(165,14): error TS17008: JSX element 'div' has no corresponding closing tag.
src/components/memory/agent-interactions.tsx(171,16): error TS17008: JSX element 'div' has no corresponding closing tag.
src/components/memory/agent-interactions.tsx(176,14): error TS17008: JSX element 'div' has no corresponding closing tag.
src/components/memory/agent-interactions.tsx(182,16): error TS17008: JSX element 'div' has no corresponding closing tag.
src/components/memory/agent-interactions.tsx(187,14): error TS17008: JSX element 'div' has no corresponding closing tag.
src/components/memory/agent-interactions.tsx(193,16): error TS17008: JSX element 'div' has no corresponding closing tag.
src/components/memory/agent-interactions.tsx(198,14): error TS17008: JSX element 'div' has no corresponding closing tag.
src/components/memory/agent-interactions.tsx(204,16): error TS17008: JSX element 'div' has no corresponding closing tag.
src/components/memory/agent-interactions.tsx(239,10): error TS17008: JSX element 'div' has no corresponding closing tag.
src/components/memory/agent-interactions.tsx(240,12): error TS17008: JSX element 'h2' has no corresponding closing tag.
src/components/memory/agent-interactions.tsx(249,18): error TS17008: JSX element 'p' has no corresponding closing tag.
src/components/memory/agent-interactions.tsx(258,18): error TS17008: JSX element 'p' has no corresponding closing tag.
src/components/memory/agent-interactions.tsx(261,18): error TS1005: '>' expected.
src/components/memory/agent-interactions.tsx(261,19): error TS1382: Unexpected token. Did you mean `{'>'}` or `&gt;`?
src/components/memory/agent-interactions.tsx(261,20): error TS1002: Unterminated string literal.
src/components/memory/agent-interactions.tsx(267,18): error TS17008: JSX element 'p' has no corresponding closing tag.
src/components/memory/agent-interactions.tsx(270,18): error TS1005: '>' expected.
src/components/memory/agent-interactions.tsx(270,19): error TS1382: Unexpected token. Did you mean `{'>'}` or `&gt;`?
src/components/memory/agent-interactions.tsx(270,20): error TS1002: Unterminated string literal.
src/components/memory/agent-interactions.tsx(276,18): error TS17008: JSX element 'p' has no corresponding closing tag.
src/components/memory/agent-interactions.tsx(280,13): error TS17002: Expected corresponding JSX closing tag for 'p'.
src/components/memory/agent-interactions.tsx(283,10): error TS1005: '>' expected.
src/components/memory/agent-interactions.tsx(283,11): error TS1382: Unexpected token. Did you mean `{'>'}` or `&gt;`?
src/components/memory/agent-interactions.tsx(283,12): error TS1002: Unterminated string literal.
src/components/memory/agent-interactions.tsx(285,1): error TS1381: Unexpected token. Did you mean `{'}'}` or `&rbrace;`?
src/components/memory/agent-interactions.tsx(285,2): error TS1005: '</' expected.
src/components/memory/company-intelligence.tsx(49,15): error TS1005: '>' expected.
src/components/memory/company-intelligence.tsx(92,15): error TS1005: '>' expected.
src/components/memory/knowledge-graph.tsx(136,16): error TS1003: Identifier expected.
src/components/memory/knowledge-graph.tsx(136,42): error TS1382: Unexpected token. Did you mean `{'>'}` or `&gt;`?
src/components/memory/knowledge-graph.tsx(142,16): error TS1003: Identifier expected.
src/components/memory/knowledge-graph.tsx(142,52): error TS1382: Unexpected token. Did you mean `{'>'}` or `&gt;`?
src/components/memory/memory-overview.tsx(104,17): error TS1005: '>' expected.
src/components/memory/memory-overview.tsx(142,15): error TS1005: '>' expected.
src/components/opportunities/opportunity-analytics.tsx(3,6): error TS17008: JSX element 'div' has no corresponding closing tag.
src/components/opportunities/opportunity-analytics.tsx(42,11): error TS1005: '>' expected.
src/components/opportunities/opportunity-analytics.tsx(134,1): error TS1381: Unexpected token. Did you mean `{'}'}` or `&rbrace;`?
src/components/opportunities/opportunity-analytics.tsx(134,2): error TS1005: '</' expected.
src/components/opportunities/opportunity-insights.tsx(70,13): error TS1005: '>' expected.
src/components/outreach/outreach-analytics.tsx(60,15): error TS1005: '>' expected.
src/components/proposals/proposal-analytics.tsx(3,6): error TS17008: JSX element 'div' has no corresponding closing tag.
src/components/proposals/proposal-analytics.tsx(70,9): error TS1005: '>' expected.
src/components/proposals/proposal-analytics.tsx(81,16): error TS1003: Identifier expected.
src/components/proposals/proposal-analytics.tsx(81,35): error TS1382: Unexpected token. Did you mean `{'>'}` or `&gt;`?
src/components/proposals/proposal-analytics.tsx(83,16): error TS1003: Identifier expected.
src/components/proposals/proposal-analytics.tsx(83,35): error TS1382: Unexpected token. Did you mean `{'>'}` or `&gt;`?
src/components/proposals/proposal-analytics.tsx(89,16): error TS1003: Identifier expected.
src/components/proposals/proposal-analytics.tsx(89,29): error TS1382: Unexpected token. Did you mean `{'>'}` or `&gt;`?
src/components/proposals/proposal-analytics.tsx(137,1): error TS1381: Unexpected token. Did you mean `{'}'}` or `&rbrace;`?
src/components/proposals/proposal-analytics.tsx(137,2): error TS1005: '</' expected.
src/components/research/competitor-map.tsx(3,6): error TS17008: JSX element 'div' has no corresponding closing tag.
src/components/research/competitor-map.tsx(96,1): error TS1381: Unexpected token. Did you mean `{'}'}` or `&rbrace;`?
src/components/research/competitor-map.tsx(96,2): error TS1005: '</' expected.
